# host build, build=c3f7986 date=2026-09-27 tester=RUN-04 (agent, no independence)
gcc (Ubuntu 15.2.0-16ubuntu1) 15.2.0
GNU Make 4.4.1
rm -f -r build
python3 ../tools/gen-codes.py --check
Traceback (most recent call last):
  File "/home/masood/Masood/Office_Projects/dogfood-fridge/runs/04-aerospace-ladder/10-src/../tools/gen-codes.py", line 40, in <module>
    sys.exit(main())
             ~~~~^^
  File "/home/masood/Masood/Office_Projects/dogfood-fridge/runs/04-aerospace-ladder/10-src/../tools/gen-codes.py", line 29, in main
    e = enums()
  File "/home/masood/Masood/Office_Projects/dogfood-fridge/runs/04-aerospace-ladder/10-src/../tools/gen-codes.py", line 14, in enums
    for ln in MODEL.read_text().splitlines():
              ~~~~~~~~~~~~~~~^^
  File "/usr/lib/python3.14/pathlib/__init__.py", line 788, in read_text
    with self.open(mode='r', encoding=encoding, errors=errors, newline=newline) as f:
         ~~~~~~~~~^^^^^^^^^^^^^^^^^^^^^^^^^^^^^^^^^^^^^^^^^^^^^^^^^^^^^^^^^^^^^
  File "/usr/lib/python3.14/pathlib/__init__.py", line 772, in open
    return io.open(self, mode, buffering, encoding, errors, newline)
           ~~~~~~~^^^^^^^^^^^^^^^^^^^^^^^^^^^^^^^^^^^^^^^^^^^^^^^^^^
FileNotFoundError: [Errno 2] No such file or directory: '/home/masood/Masood/Office_Projects/dogfood-fridge/runs/04-aerospace-ladder/06-design/software/MrtmSwCodes.sysml'
make: *** [Makefile:23: codes] Error 1
make: *** Waiting for unfinished jobs....
